[30дек.2024 15:55:30.251] [main/INFO] [cpw.mods.modlauncher.Launcher/MODLAUNCHER]: ModLauncher running: args [--mod, rtw, --all, --output, C:\Users\Daniil\IdeaProjects\Rebooting-the-world-mods\src\generated\resources, --existing, C:\Users\Daniil\IdeaProjects\Rebooting-the-world-mods\src\main\resources, --launchTarget, forgedatauserdev, --assetIndex, asset-index, --assetsDir, C:\Users\Daniil\.gradle\caches\minecraft\assets\1.21, --gameDir, ., --fml.neoForgeVersion, 21.0.167, --fml.fmlVersion, 4.0.23, --fml.mcVersion, 1.21, --fml.neoFormVersion, 20240613.152323]
[30дек.2024 15:55:30.259] [main/INFO] [cpw.mods.modlauncher.Launcher/MODLAUNCHER]: JVM identified as Amazon.com Inc. OpenJDK 64-Bit Server VM 21.0.4+7-LTS
[30дек.2024 15:55:30.260] [main/INFO] [cpw.mods.modlauncher.Launcher/MODLAUNCHER]: ModLauncher 11.0.4+main.d2e20e43 starting: java version 21.0.4 by Amazon.com Inc.; OS Windows 11 arch amd64 version 10.0
[30дек.2024 15:55:30.360] [main/INFO] [net.neoforged.fml.loading.ImmediateWindowHandler/]: ImmediateWindowProvider not loading because launch target is forgedatauserdev
[30дек.2024 15:55:30.400] [main/INFO] [mixin/]: SpongePowered MIXIN Subsystem Version=0.8.6 Source=union:/C:/Users/Daniil/.gradle/caches/modules-2/files-2.1/net.fabricmc/sponge-mixin/0.14.0+mixin.0.8.6/c265173c84346e9e5d42a2384b2b02bd39a4a899/sponge-mixin-0.14.0+mixin.0.8.6.jar%23135!/ Service=ModLauncher Env=CLIENT
[30дек.2024 15:55:30.568] [main/INFO] [net.neoforged.fml.loading.moddiscovery.ModDiscoverer/SCAN]: Found mod file "neoforge-21.0.167.jar" [locator: neoforge devenv provider ([C:\Users\Daniil\IdeaProjects\Rebooting-the-world-mods\.gradle\repositories\ng_dummy_ng\net\neoforged\neoforge\21.0.167\neoforge-21.0.167.jar])]
[30дек.2024 15:55:30.581] [main/INFO] [net.neoforged.fml.loading.moddiscovery.ModDiscoverer/SCAN]: Found mod file "neoforge-21.0.167.jar" [locator: neoforge devenv provider ([C:\Users\Daniil\IdeaProjects\Rebooting-the-world-mods\.gradle\repositories\ng_dummy_ng\net\neoforged\neoforge\21.0.167\neoforge-21.0.167.jar])]
[30дек.2024 15:55:30.592] [main/INFO] [net.neoforged.fml.loading.moddiscovery.ModDiscoverer/SCAN]: Found mod file "main" [locator: userdev mods and services, reader: mod manifest]
[30дек.2024 15:55:30.601] [main/INFO] [net.neoforged.fml.loading.moddiscovery.ModDiscoverer/SCAN]: Found mod file "neoforge-21.0.167.jar" [locator: userdev mods and services, reader: mod manifest]
[30дек.2024 15:55:30.605] [main/INFO] [net.neoforged.fml.loading.moddiscovery.ModDiscoverer/SCAN]: Found mod file "jei-1.21-neoforge-19.5.0.59.jar" [locator: userdev mods and services, reader: mod manifest]
[30дек.2024 15:55:30.624] [main/INFO] [net.neoforged.fml.loading.moddiscovery.ModDiscoverer/SCAN]: Found gamelibrary file "mixinextras-neoforge-0.3.5.jar" [locator: userdev mods and services, reader: mod manifest]
[30дек.2024 15:55:30.726] [main/WARN] [net.neoforged.jarjar.selection.JarSelector/]: Attempted to select a dependency jar for JarJar which was passed in as source: mixinextras-neoforge-0.3.5.jar. Using Mod File: C:\Users\Daniil\.gradle\caches\modules-2\files-2.1\io.github.llamalad7\mixinextras-neoforge\0.3.5\ef3ffcf309dae656517b2f120189b1c9b21737dd\mixinextras-neoforge-0.3.5.jar
[30дек.2024 15:55:30.727] [main/INFO] [net.neoforged.fml.loading.moddiscovery.locators.JarInJarDependencyLocator/]: No dependencies to load found. Skipping!
[30дек.2024 15:55:30.878] [main/INFO] [net.neoforged.fml.loading.FMLServiceProvider/CORE]: Loading coremod script-engine for [neoforge]
[30дек.2024 15:55:31.465] [main/INFO] [mixin/]: Compatibility level set to JAVA_17
[30дек.2024 15:55:31.471] [main/INFO] [cpw.mods.modlauncher.LaunchServiceHandler/MODLAUNCHER]: Launching target 'forgedatauserdev' with arguments [--gameDir, ., --assetsDir, C:\Users\Daniil\.gradle\caches\minecraft\assets\1.21, --mod, rtw, --all, --output, C:\Users\Daniil\IdeaProjects\Rebooting-the-world-mods\src\generated\resources, --existing, C:\Users\Daniil\IdeaProjects\Rebooting-the-world-mods\src\main\resources, --assetIndex, asset-index]
[30дек.2024 15:55:31.507] [main/WARN] [mixin/]: Reference map 'rtw.refmap.json' for rtw.mixins.json could not be read. If this is a development environment you can ignore this message
[30дек.2024 15:55:31.740] [main/INFO] [net.neoforged.neoforge.data.loading.DatagenModLoader/]: Initializing Data Gatherer for mods [rtw]
[30дек.2024 15:55:31.748] [main/INFO] [MixinExtras|Service/]: Initializing MixinExtras via com.llamalad7.mixinextras.service.MixinExtrasServiceImpl(version=0.3.5).
[30дек.2024 15:55:35.229] [modloading-worker-0/INFO] [net.neoforged.neoforge.common.NeoForgeMod/NEOFORGE-MOD]: NeoForge mod loading, version 21.0.167, for MC 1.21
[30дек.2024 15:55:35.371] [modloading-worker-0/INFO] [mezz.jei.library.load.PluginCaller/]: Sending ConfigManager...
[30дек.2024 15:55:35.374] [modloading-worker-0/INFO] [mezz.jei.library.load.PluginCaller/]: Sending ConfigManager took 2.107 ms
[30дек.2024 15:55:35.563] [main/WARN] [net.minecraft.server.packs.VanillaPackResourcesBuilder/]: Assets URL 'union:/C:/Users/Daniil/IdeaProjects/Rebooting-the-world-mods/.gradle/repositories/ng_dummy_ng/net/neoforged/neoforge/21.0.167/neoforge-21.0.167.jar%23189!/assets/.mcassetsroot' uses unexpected schema
[30дек.2024 15:55:35.564] [main/WARN] [net.minecraft.server.packs.VanillaPackResourcesBuilder/]: Assets URL 'union:/C:/Users/Daniil/IdeaProjects/Rebooting-the-world-mods/.gradle/repositories/ng_dummy_ng/net/neoforged/neoforge/21.0.167/neoforge-21.0.167.jar%23189!/data/.mcassetsroot' uses unexpected schema
[30дек.2024 15:55:35.661] [main/INFO] [net.minecraft.data.DataGenerator/]: Starting provider: Recipes
[30дек.2024 15:55:35.865] [main/INFO] [net.minecraft.data.DataGenerator/]: Recipes finished after 202 ms
[30дек.2024 15:55:35.865] [main/INFO] [net.minecraft.data.DataGenerator/]: Starting provider: Item Models: rtw
[30дек.2024 15:55:35.873] [main/INFO] [net.minecraft.data.DataGenerator/]: Item Models: rtw finished after 8 ms
[30дек.2024 15:55:35.874] [main/INFO] [net.minecraft.data.DataGenerator/]: Starting provider: Block States: rtw
[30дек.2024 15:55:35.923] [main/INFO] [net.minecraft.data.DataGenerator/]: Block States: rtw finished after 49 ms
[30дек.2024 15:55:35.924] [main/INFO] [net.minecraft.data.DataGenerator/]: Starting provider: Tags for minecraft:block mod id rtw
[30дек.2024 15:55:35.929] [main/INFO] [net.minecraft.data.DataGenerator/]: Tags for minecraft:block mod id rtw finished after 5 ms
[30дек.2024 15:55:35.929] [main/INFO] [net.minecraft.data.DataGenerator/]: Starting provider: Loot Tables
[30дек.2024 15:55:35.944] [main/INFO] [net.minecraft.data.DataGenerator/]: Loot Tables finished after 14 ms
[30дек.2024 15:55:35.944] [main/INFO] [net.minecraft.data.DataGenerator/]: All providers took: 282 ms
[30дек.2024 15:55:35.954] [main/INFO] [net.minecraft.data.HashCache/]: Caching: total files: 770, old count: 769, new count: 771, removed stale: 0, written: 1
