[30дек.2024 15:56:07.304] [main/INFO] [cpw.mods.modlauncher.Launcher/MODLAUNCHER]: ModLauncher running: args [--launchTarget, forgeclientuserdev, --version, 21.0.167, --assetIndex, asset-index, --assetsDir, C:\Users\Daniil\.gradle\caches\minecraft\assets\1.21, --gameDir, ., --fml.neoForgeVersion, 21.0.167, --fml.fmlVersion, 4.0.23, --fml.mcVersion, 1.21, --fml.neoFormVersion, 20240613.152323]
[30дек.2024 15:56:07.306] [main/INFO] [cpw.mods.modlauncher.Launcher/MODLAUNCHER]: JVM identified as Amazon.com Inc. OpenJDK 64-Bit Server VM 21.0.4+7-LTS
[30дек.2024 15:56:07.307] [main/INFO] [cpw.mods.modlauncher.Launcher/MODLAUNCHER]: ModLauncher 11.0.4+main.d2e20e43 starting: java version 21.0.4 by Amazon.com Inc.; OS Windows 11 arch amd64 version 10.0
[30дек.2024 15:56:07.399] [main/INFO] [net.neoforged.fml.loading.ImmediateWindowHandler/]: Loading ImmediateWindowProvider fmlearlywindow
[30дек.2024 15:56:07.474] [main/INFO] [EARLYDISPLAY/]: Trying GL version 4.6
[30дек.2024 15:56:07.612] [main/INFO] [EARLYDISPLAY/]: Requested GL version 4.6 got version 4.6
[30дек.2024 15:56:07.677] [main/INFO] [mixin/]: SpongePowered MIXIN Subsystem Version=0.8.6 Source=union:/C:/Users/Daniil/.gradle/caches/modules-2/files-2.1/net.fabricmc/sponge-mixin/0.14.0+mixin.0.8.6/c265173c84346e9e5d42a2384b2b02bd39a4a899/sponge-mixin-0.14.0+mixin.0.8.6.jar%23135!/ Service=ModLauncher Env=CLIENT
[30дек.2024 15:56:07.866] [main/INFO] [net.neoforged.fml.loading.moddiscovery.ModDiscoverer/SCAN]: Found mod file "neoforge-21.0.167.jar" [locator: neoforge devenv provider ([C:\Users\Daniil\IdeaProjects\Rebooting-the-world-mods\.gradle\repositories\ng_dummy_ng\net\neoforged\neoforge\21.0.167\neoforge-21.0.167.jar])]
[30дек.2024 15:56:07.884] [main/INFO] [net.neoforged.fml.loading.moddiscovery.ModDiscoverer/SCAN]: Found mod file "neoforge-21.0.167.jar" [locator: neoforge devenv provider ([C:\Users\Daniil\IdeaProjects\Rebooting-the-world-mods\.gradle\repositories\ng_dummy_ng\net\neoforged\neoforge\21.0.167\neoforge-21.0.167.jar])]
[30дек.2024 15:56:07.895] [main/INFO] [net.neoforged.fml.loading.moddiscovery.ModDiscoverer/SCAN]: Found mod file "main" [locator: userdev mods and services, reader: mod manifest]
[30дек.2024 15:56:07.903] [main/INFO] [net.neoforged.fml.loading.moddiscovery.ModDiscoverer/SCAN]: Found mod file "neoforge-21.0.167.jar" [locator: userdev mods and services, reader: mod manifest]
[30дек.2024 15:56:07.908] [main/INFO] [net.neoforged.fml.loading.moddiscovery.ModDiscoverer/SCAN]: Found mod file "jei-1.21-neoforge-19.5.0.59.jar" [locator: userdev mods and services, reader: mod manifest]
[30дек.2024 15:56:07.931] [main/INFO] [net.neoforged.fml.loading.moddiscovery.ModDiscoverer/SCAN]: Found gamelibrary file "mixinextras-neoforge-0.3.5.jar" [locator: userdev mods and services, reader: mod manifest]
[30дек.2024 15:56:07.934] [pool-2-thread-1/INFO] [EARLYDISPLAY/]: GL info: NVIDIA GeForce RTX 4060/PCIe/SSE2 GL version 4.6.0 NVIDIA 565.90, NVIDIA Corporation
[30дек.2024 15:56:08.078] [main/WARN] [net.neoforged.jarjar.selection.JarSelector/]: Attempted to select a dependency jar for JarJar which was passed in as source: mixinextras-neoforge-0.3.5.jar. Using Mod File: C:\Users\Daniil\.gradle\caches\modules-2\files-2.1\io.github.llamalad7\mixinextras-neoforge\0.3.5\ef3ffcf309dae656517b2f120189b1c9b21737dd\mixinextras-neoforge-0.3.5.jar
[30дек.2024 15:56:08.079] [main/INFO] [net.neoforged.fml.loading.moddiscovery.locators.JarInJarDependencyLocator/]: No dependencies to load found. Skipping!
[30дек.2024 15:56:08.238] [main/INFO] [net.neoforged.fml.loading.FMLServiceProvider/CORE]: Loading coremod script-engine for [neoforge]
[30дек.2024 15:56:08.920] [main/INFO] [mixin/]: Compatibility level set to JAVA_17
[30дек.2024 15:56:08.927] [main/INFO] [cpw.mods.modlauncher.LaunchServiceHandler/MODLAUNCHER]: Launching target 'forgeclientuserdev' with arguments [--version, 21.0.167, --gameDir, ., --assetsDir, C:\Users\Daniil\.gradle\caches\minecraft\assets\1.21, --assetIndex, asset-index]
[30дек.2024 15:56:08.963] [main/WARN] [mixin/]: Reference map 'rtw.refmap.json' for rtw.mixins.json could not be read. If this is a development environment you can ignore this message
[30дек.2024 15:56:10.137] [Datafixer Bootstrap/INFO] [com.mojang.datafixers.DataFixerBuilder/]: 229 Datafixer optimizations took 320 milliseconds
[30дек.2024 15:56:10.248] [pool-8-thread-1/INFO] [MixinExtras|Service/]: Initializing MixinExtras via com.llamalad7.mixinextras.service.MixinExtrasServiceImpl(version=0.3.5).
[30дек.2024 15:56:13.984] [main/WARN] [net.minecraft.commands.Commands/]: Ambiguity between arguments [teleport, location] and [teleport, destination] with inputs: [0.1 -0.5 .9, 0 0 0]
[30дек.2024 15:56:13.986] [main/WARN] [net.minecraft.commands.Commands/]: Ambiguity between arguments [teleport, location] and [teleport, targets] with inputs: [0.1 -0.5 .9, 0 0 0]
[30дек.2024 15:56:13.987] [main/WARN] [net.minecraft.commands.Commands/]: Ambiguity between arguments [teleport, destination] and [teleport, targets] with inputs: [Player, 0123, @e, dd12be42-52a9-4a91-a8a1-11c01849e498]
[30дек.2024 15:56:13.988] [main/WARN] [net.minecraft.commands.Commands/]: Ambiguity between arguments [teleport, targets] and [teleport, destination] with inputs: [Player, 0123, dd12be42-52a9-4a91-a8a1-11c01849e498]
[30дек.2024 15:56:13.989] [main/WARN] [net.minecraft.commands.Commands/]: Ambiguity between arguments [teleport, targets, location] and [teleport, targets, destination] with inputs: [0.1 -0.5 .9, 0 0 0]
[30дек.2024 15:56:14.071] [Render thread/WARN] [net.minecraft.server.packs.VanillaPackResourcesBuilder/]: Assets URL 'union:/C:/Users/Daniil/IdeaProjects/Rebooting-the-world-mods/.gradle/repositories/ng_dummy_ng/net/neoforged/neoforge/21.0.167/neoforge-21.0.167.jar%23189!/assets/.mcassetsroot' uses unexpected schema
[30дек.2024 15:56:14.071] [Render thread/WARN] [net.minecraft.server.packs.VanillaPackResourcesBuilder/]: Assets URL 'union:/C:/Users/Daniil/IdeaProjects/Rebooting-the-world-mods/.gradle/repositories/ng_dummy_ng/net/neoforged/neoforge/21.0.167/neoforge-21.0.167.jar%23189!/data/.mcassetsroot' uses unexpected schema
[30дек.2024 15:56:14.090] [Render thread/INFO] [com.mojang.authlib.yggdrasil.YggdrasilAuthenticationService/]: Environment: Environment[sessionHost=https://sessionserver.mojang.com, servicesHost=https://api.minecraftservices.com, name=PROD]
[30дек.2024 15:56:14.097] [Render thread/INFO] [net.minecraft.client.Minecraft/]: Setting user: Dev
[30дек.2024 15:56:14.167] [Render thread/INFO] [net.minecraft.client.Minecraft/]: Backend library: LWJGL version 3.3.3+5
[30дек.2024 15:56:14.368] [modloading-worker-0/INFO] [net.neoforged.neoforge.common.NeoForgeMod/NEOFORGE-MOD]: NeoForge mod loading, version 21.0.167, for MC 1.21
[30дек.2024 15:56:14.423] [modloading-worker-0/INFO] [mezz.jei.library.load.PluginCaller/]: Sending ConfigManager...
[30дек.2024 15:56:14.425] [modloading-worker-0/INFO] [mezz.jei.library.load.PluginCaller/]: Sending ConfigManager took 1.537 ms
[30дек.2024 15:56:14.971] [Render thread/INFO] [net.neoforged.neoforge.gametest.GameTestHooks/]: Enabled Gametest Namespaces: []
[30дек.2024 15:56:15.052] [Render thread/INFO] [net.minecraft.server.packs.resources.ReloadableResourceManager/]: Reloading ResourceManager: vanilla, mod_resources, mod/rtw, mod/neoforge, mod/jei
[30дек.2024 15:56:15.109] [Worker-Main-3/INFO] [net.minecraft.client.gui.font.providers.UnihexProvider/]: Found unifont_all_no_pua-15.1.05.hex, loading
[30дек.2024 15:56:15.183] [Worker-Main-2/INFO] [net.minecraft.client.gui.font.providers.UnihexProvider/]: Found unifont_jp_patch-15.1.05.hex, loading
[30дек.2024 15:56:16.236] [Render thread/WARN] [net.minecraft.client.sounds.SoundEngine/]: Missing sound for event: minecraft:item.goat_horn.play
[30дек.2024 15:56:16.237] [Render thread/WARN] [net.minecraft.client.sounds.SoundEngine/]: Missing sound for event: minecraft:entity.goat.screaming.horn_break
[30дек.2024 15:56:16.285] [Render thread/INFO] [com.mojang.blaze3d.audio.Library/]: OpenAL initialized on device OpenAL Soft on Динамики (High Definition Audio Device)
[30дек.2024 15:56:16.286] [Render thread/INFO] [net.minecraft.client.sounds.SoundEngine/SOUNDS]: Sound engine started
[30дек.2024 15:56:16.431] [Render thread/INFO] [net.minecraft.client.renderer.texture.TextureAtlas/]: Created: 1024x512x4 minecraft:textures/atlas/blocks.png-atlas
[30дек.2024 15:56:16.442] [Render thread/INFO] [net.minecraft.client.renderer.texture.TextureAtlas/]: Created: 256x256x4 minecraft:textures/atlas/signs.png-atlas
[30дек.2024 15:56:16.442] [Render thread/INFO] [net.minecraft.client.renderer.texture.TextureAtlas/]: Created: 512x512x4 minecraft:textures/atlas/banner_patterns.png-atlas
[30дек.2024 15:56:16.442] [Render thread/INFO] [net.minecraft.client.renderer.texture.TextureAtlas/]: Created: 512x512x4 minecraft:textures/atlas/shield_patterns.png-atlas
[30дек.2024 15:56:16.443] [Render thread/INFO] [net.minecraft.client.renderer.texture.TextureAtlas/]: Created: 1024x1024x4 minecraft:textures/atlas/armor_trims.png-atlas
[30дек.2024 15:56:16.445] [Render thread/INFO] [net.minecraft.client.renderer.texture.TextureAtlas/]: Created: 256x256x4 minecraft:textures/atlas/chest.png-atlas
[30дек.2024 15:56:16.445] [Render thread/INFO] [net.minecraft.client.renderer.texture.TextureAtlas/]: Created: 128x64x4 minecraft:textures/atlas/decorated_pot.png-atlas
[30дек.2024 15:56:16.445] [Render thread/INFO] [net.minecraft.client.renderer.texture.TextureAtlas/]: Created: 512x256x4 minecraft:textures/atlas/beds.png-atlas
[30дек.2024 15:56:16.445] [Render thread/INFO] [net.minecraft.client.renderer.texture.TextureAtlas/]: Created: 512x256x4 minecraft:textures/atlas/shulker_boxes.png-atlas
[30дек.2024 15:56:16.527] [Render thread/INFO] [net.minecraft.client.renderer.texture.TextureAtlas/]: Created: 512x256x0 minecraft:textures/atlas/particles.png-atlas
[30дек.2024 15:56:16.529] [Render thread/INFO] [net.minecraft.client.renderer.texture.TextureAtlas/]: Created: 512x256x0 minecraft:textures/atlas/paintings.png-atlas
[30дек.2024 15:56:16.529] [Render thread/INFO] [net.minecraft.client.renderer.texture.TextureAtlas/]: Created: 256x128x0 minecraft:textures/atlas/mob_effects.png-atlas
[30дек.2024 15:56:16.529] [Render thread/INFO] [net.minecraft.client.renderer.texture.TextureAtlas/]: Created: 64x64x0 minecraft:textures/atlas/map_decorations.png-atlas
[30дек.2024 15:56:16.529] [Render thread/INFO] [net.minecraft.client.renderer.texture.TextureAtlas/]: Created: 1024x512x0 minecraft:textures/atlas/gui.png-atlas
[30дек.2024 15:56:16.550] [Render thread/WARN] [net.minecraft.client.renderer.ShaderInstance/]: Shader rendertype_entity_translucent_emissive could not find sampler named Sampler2 in the specified shader program.
[30дек.2024 15:56:16.588] [Render thread/INFO] [net.minecraft.client.renderer.texture.TextureAtlas/]: Created: 256x256x0 jei:textures/atlas/gui.png-atlas
[30дек.2024 15:56:20.167] [Render thread/INFO] [net.minecraft.world.item.crafting.RecipeManager/]: Loaded 1568 recipes
[30дек.2024 15:56:20.296] [Render thread/INFO] [net.minecraft.advancements.AdvancementTree/]: Loaded 1656 advancements
[30дек.2024 15:56:20.616] [Render thread/INFO] [mezz.jei.neoforge.startup.StartEventObserver/]: JEI StartEventObserver received class net.neoforged.neoforge.event.TagsUpdatedEvent too early, ignoring
[30дек.2024 15:56:20.684] [Server thread/INFO] [net.minecraft.client.server.IntegratedServer/]: Starting integrated minecraft server version 1.21
[30дек.2024 15:56:20.684] [Server thread/INFO] [net.minecraft.server.MinecraftServer/]: Generating keypair
[30дек.2024 15:56:21.455] [Server thread/INFO] [net.minecraft.server.MinecraftServer/]: Preparing start region for dimension minecraft:overworld
[30дек.2024 15:56:21.630] [progressListener/INFO] [net.minecraft.server.level.progress.LoggerChunkProgressListener/]: Preparing spawn area: 0%
[30дек.2024 15:56:21.669] [progressListener/INFO] [net.minecraft.server.level.progress.LoggerChunkProgressListener/]: Time elapsed: 206 ms
[30дек.2024 15:56:21.670] [Server thread/INFO] [net.neoforged.neoforge.server.permission.PermissionAPI/]: Successfully initialized permission handler neoforge:default_handler
[30дек.2024 15:56:21.730] [Server thread/INFO] [net.minecraft.client.server.IntegratedServer/]: Changing view distance to 14, from 10
[30дек.2024 15:56:21.730] [Server thread/INFO] [net.minecraft.client.server.IntegratedServer/]: Changing simulation distance to 19, from 0
[30дек.2024 15:56:22.109] [Render thread/INFO] [mezz.jei.neoforge.startup.StartEventObserver/]: JEI StartEventObserver received class net.neoforged.neoforge.event.TagsUpdatedEvent
[30дек.2024 15:56:22.239] [Server thread/INFO] [net.minecraft.server.players.PlayerList/]: Dev[local:E:07066863] logged in with entity id 1 at (-540.8831887837372, 70.18838406454087, -732.8344777423698)
[30дек.2024 15:56:22.287] [Server thread/INFO] [net.minecraft.server.MinecraftServer/]: Dev joined the game
[30дек.2024 15:56:22.352] [Render thread/WARN] [net.minecraft.client.ClientRecipeBook/]: Unknown recipe category: rtw:sawmill/minecraft:mangrove_boat_from_mangrove_log_sawmilling
[30дек.2024 15:56:22.352] [Render thread/WARN] [net.minecraft.client.ClientRecipeBook/]: Unknown recipe category: rtw:sawmill/minecraft:stripped_cherry_wood_from_cherry_wood_sawmilling
[30дек.2024 15:56:22.352] [Render thread/WARN] [net.minecraft.client.ClientRecipeBook/]: Unknown recipe category: rtw:sawmill/minecraft:oak_planks_from_stripped_oak_log_sawmilling
[30дек.2024 15:56:22.352] [Render thread/WARN] [net.minecraft.client.ClientRecipeBook/]: Unknown recipe category: rtw:sawmill/minecraft:acacia_boat_from_stripped_acacia_wood_sawmilling
[30дек.2024 15:56:22.352] [Render thread/WARN] [net.minecraft.client.ClientRecipeBook/]: Unknown recipe category: rtw:sawmill/minecraft:dark_oak_fence_gate_from_dark_oak_planks_sawmilling
[30дек.2024 15:56:22.353] [Render thread/WARN] [net.minecraft.client.ClientRecipeBook/]: Unknown recipe category: rtw:sawmill/minecraft:bamboo_slab_from_bamboo_planks_sawmilling
[30дек.2024 15:56:22.353] [Render thread/WARN] [net.minecraft.client.ClientRecipeBook/]: Unknown recipe category: rtw:sawmill/minecraft:dark_oak_slab_from_dark_oak_planks_sawmilling
[30дек.2024 15:56:22.353] [Render thread/WARN] [net.minecraft.client.ClientRecipeBook/]: Unknown recipe category: rtw:sawmill/minecraft:cherry_boat_from_stripped_cherry_wood_sawmilling
[30дек.2024 15:56:22.353] [Render thread/WARN] [net.minecraft.client.ClientRecipeBook/]: Unknown recipe category: rtw:sawmill/minecraft:acacia_boat_from_acacia_log_sawmilling
[30дек.2024 15:56:22.353] [Render thread/WARN] [net.minecraft.client.ClientRecipeBook/]: Unknown recipe category: rtw:sawmill/minecraft:carved_crimson_planks_from_crimson_planks_sawmilling
[30дек.2024 15:56:22.353] [Render thread/WARN] [net.minecraft.client.ClientRecipeBook/]: Unknown recipe category: rtw:sawmill/minecraft:bamboo_raft_from_bamboo_block_sawmilling
[30дек.2024 15:56:22.353] [Render thread/WARN] [net.minecraft.client.ClientRecipeBook/]: Unknown recipe category: rtw:sawmill/minecraft:cherry_boat_from_stripped_cherry_log_sawmilling
[30дек.2024 15:56:22.353] [Render thread/WARN] [net.minecraft.client.ClientRecipeBook/]: Unknown recipe category: rtw:sawmill/minecraft:carved_dark_oak_planks_from_dark_oak_planks_sawmilling
[30дек.2024 15:56:22.353] [Render thread/WARN] [net.minecraft.client.ClientRecipeBook/]: Unknown recipe category: rtw:sawmill/minecraft:birch_planks_from_stripped_birch_log_sawmilling
[30дек.2024 15:56:22.353] [Render thread/WARN] [net.minecraft.client.ClientRecipeBook/]: Unknown recipe category: rtw:sawmill/minecraft:birch_fence_gate_from_birch_planks_sawmilling
[30дек.2024 15:56:22.353] [Render thread/WARN] [net.minecraft.client.ClientRecipeBook/]: Unknown recipe category: rtw:sawmill/minecraft:carved_acacia_planks_from_acacia_log_sawmilling
[30дек.2024 15:56:22.353] [Render thread/WARN] [net.minecraft.client.ClientRecipeBook/]: Unknown recipe category: rtw:sawmill/minecraft:oak_parquet_from_oak_log_sawmilling
[30дек.2024 15:56:22.353] [Render thread/WARN] [net.minecraft.client.ClientRecipeBook/]: Unknown recipe category: rtw:sawmill/minecraft:oak_planks_from_stripped_oak_wood_sawmilling
[30дек.2024 15:56:22.353] [Render thread/WARN] [net.minecraft.client.ClientRecipeBook/]: Unknown recipe category: rtw:sawmill/minecraft:carved_jungle_planks_from_jungle_planks_sawmilling
[30дек.2024 15:56:22.354] [Render thread/WARN] [net.minecraft.client.ClientRecipeBook/]: Unknown recipe category: rtw:sawmill/minecraft:crimson_parquet_from_crimson_stem_sawmilling
[30дек.2024 15:56:22.354] [Render thread/WARN] [net.minecraft.client.ClientRecipeBook/]: Unknown recipe category: rtw:sawmill/minecraft:jungle_fence_gate_from_jungle_planks_sawmilling
[30дек.2024 15:56:22.354] [Render thread/WARN] [net.minecraft.client.ClientRecipeBook/]: Unknown recipe category: rtw:sawmill/minecraft:stripped_acacia_wood_from_acacia_wood_sawmilling
[30дек.2024 15:56:22.354] [Render thread/WARN] [net.minecraft.client.ClientRecipeBook/]: Unknown recipe category: rtw:sawmill/minecraft:acacia_planks_from_stripped_acacia_log_sawmilling
[30дек.2024 15:56:22.354] [Render thread/WARN] [net.minecraft.client.ClientRecipeBook/]: Unknown recipe category: rtw:sawmill/minecraft:carved_mangrove_planks_from_mangrove_log_sawmilling
[30дек.2024 15:56:22.354] [Render thread/WARN] [net.minecraft.client.ClientRecipeBook/]: Unknown recipe category: rtw:sawmill/minecraft:acacia_slab_from_acacia_planks_sawmilling
[30дек.2024 15:56:22.354] [Render thread/WARN] [net.minecraft.client.ClientRecipeBook/]: Unknown recipe category: rtw:sawmill/minecraft:cherry_planks_from_cherry_wood_sawmilling
[30дек.2024 15:56:22.354] [Render thread/WARN] [net.minecraft.client.ClientRecipeBook/]: Unknown recipe category: rtw:sawmill/minecraft:stripped_acacia_log_from_acacia_log_sawmilling
[30дек.2024 15:56:22.354] [Render thread/WARN] [net.minecraft.client.ClientRecipeBook/]: Unknown recipe category: rtw:sawmill/minecraft:stripped_jungle_log_from_jungle_log_sawmilling
[30дек.2024 15:56:22.354] [Render thread/WARN] [net.minecraft.client.ClientRecipeBook/]: Unknown recipe category: rtw:sawmill/minecraft:oak_boat_from_oak_log_sawmilling
[30дек.2024 15:56:22.354] [Render thread/WARN] [net.minecraft.client.ClientRecipeBook/]: Unknown recipe category: rtw:sawmill/minecraft:cherry_parquet_from_cherry_log_sawmilling
[30дек.2024 15:56:22.354] [Render thread/WARN] [net.minecraft.client.ClientRecipeBook/]: Unknown recipe category: rtw:sawmill/minecraft:stripped_cherry_log_from_cherry_log_sawmilling
[30дек.2024 15:56:22.354] [Render thread/WARN] [net.minecraft.client.ClientRecipeBook/]: Unknown recipe category: rtw:sawmill/minecraft:dark_oak_boat_from_stripped_dark_oak_wood_sawmilling
[30дек.2024 15:56:22.354] [Render thread/WARN] [net.minecraft.client.ClientRecipeBook/]: Unknown recipe category: rtw:sawmill/minecraft:carved_mangrove_planks_from_mangrove_planks_sawmilling
[30дек.2024 15:56:22.355] [Render thread/WARN] [net.minecraft.client.ClientRecipeBook/]: Unknown recipe category: rtw:sawmill/minecraft:stripped_jungle_wood_from_jungle_wood_sawmilling
[30дек.2024 15:56:22.355] [Render thread/WARN] [net.minecraft.client.ClientRecipeBook/]: Unknown recipe category: rtw:sawmill/minecraft:birch_parquet_from_birch_planks_sawmilling
[30дек.2024 15:56:22.355] [Render thread/WARN] [net.minecraft.client.ClientRecipeBook/]: Unknown recipe category: rtw:sawmill/minecraft:mangrove_planks_from_mangrove_log_sawmilling
[30дек.2024 15:56:22.355] [Render thread/WARN] [net.minecraft.client.ClientRecipeBook/]: Unknown recipe category: rtw:sawmill/minecraft:cherry_fence_gate_from_cherry_planks_sawmilling
[30дек.2024 15:56:22.355] [Render thread/WARN] [net.minecraft.client.ClientRecipeBook/]: Unknown recipe category: rtw:sawmill/minecraft:jungle_planks_from_jungle_wood_sawmilling
[30дек.2024 15:56:22.355] [Render thread/WARN] [net.minecraft.client.ClientRecipeBook/]: Unknown recipe category: rtw:sawmill/minecraft:stripped_oak_log_from_oak_log_sawmilling
[30дек.2024 15:56:22.355] [Render thread/WARN] [net.minecraft.client.ClientRecipeBook/]: Unknown recipe category: rtw:sawmill/minecraft:stripped_dark_oak_wood_from_dark_oak_wood_sawmilling
[30дек.2024 15:56:22.355] [Render thread/WARN] [net.minecraft.client.ClientRecipeBook/]: Unknown recipe category: rtw:sawmill/minecraft:carved_birch_planks_from_birch_log_sawmilling
[30дек.2024 15:56:22.355] [Render thread/WARN] [net.minecraft.client.ClientRecipeBook/]: Unknown recipe category: rtw:sawmill/minecraft:oak_planks_from_oak_log_sawmilling
[30дек.2024 15:56:22.355] [Render thread/WARN] [net.minecraft.client.ClientRecipeBook/]: Unknown recipe category: rtw:sawmill/minecraft:cherry_stairs_from_cherry_planks_sawmilling
[30дек.2024 15:56:22.355] [Render thread/WARN] [net.minecraft.client.ClientRecipeBook/]: Unknown recipe category: rtw:sawmill/minecraft:oak_parquet_from_oak_planks_sawmilling
[30дек.2024 15:56:22.355] [Render thread/WARN] [net.minecraft.client.ClientRecipeBook/]: Unknown recipe category: rtw:sawmill/minecraft:birch_slab_from_birch_planks_sawmilling
[30дек.2024 15:56:22.355] [Render thread/WARN] [net.minecraft.client.ClientRecipeBook/]: Unknown recipe category: rtw:sawmill/minecraft:spruce_boat_from_stripped_spruce_log_sawmilling
[30дек.2024 15:56:22.355] [Render thread/WARN] [net.minecraft.client.ClientRecipeBook/]: Unknown recipe category: rtw:sawmill/minecraft:cherry_parquet_from_cherry_planks_sawmilling
[30дек.2024 15:56:22.356] [Render thread/WARN] [net.minecraft.client.ClientRecipeBook/]: Unknown recipe category: rtw:sawmill/minecraft:birch_parquet_from_birch_log_sawmilling
[30дек.2024 15:56:22.356] [Render thread/WARN] [net.minecraft.client.ClientRecipeBook/]: Unknown recipe category: rtw:sawmill/minecraft:spruce_parquet_from_spruce_planks_sawmilling
[30дек.2024 15:56:22.356] [Render thread/WARN] [net.minecraft.client.ClientRecipeBook/]: Unknown recipe category: rtw:sawmill/minecraft:stripped_oak_wood_from_oak_wood_sawmilling
[30дек.2024 15:56:22.356] [Render thread/WARN] [net.minecraft.client.ClientRecipeBook/]: Unknown recipe category: rtw:sawmill/minecraft:birch_planks_from_birch_log_sawmilling
[30дек.2024 15:56:22.356] [Render thread/WARN] [net.minecraft.client.ClientRecipeBook/]: Unknown recipe category: rtw:sawmill/minecraft:jungle_planks_from_jungle_log_sawmilling
[30дек.2024 15:56:22.356] [Render thread/WARN] [net.minecraft.client.ClientRecipeBook/]: Unknown recipe category: rtw:sawmill/minecraft:mangrove_fence_from_mangrove_planks_sawmilling
[30дек.2024 15:56:22.356] [Render thread/WARN] [net.minecraft.client.ClientRecipeBook/]: Unknown recipe category: rtw:sawmill/minecraft:cherry_slab_from_cherry_planks_sawmilling
[30дек.2024 15:56:22.356] [Render thread/WARN] [net.minecraft.client.ClientRecipeBook/]: Unknown recipe category: rtw:sawmill/minecraft:jungle_slab_from_jungle_planks_sawmilling
[30дек.2024 15:56:22.356] [Render thread/WARN] [net.minecraft.client.ClientRecipeBook/]: Unknown recipe category: rtw:sawmill/minecraft:birch_planks_from_stripped_birch_wood_sawmilling
[30дек.2024 15:56:22.356] [Render thread/WARN] [net.minecraft.client.ClientRecipeBook/]: Unknown recipe category: rtw:sawmill/minecraft:mangrove_parquet_from_mangrove_planks_sawmilling
[30дек.2024 15:56:22.356] [Render thread/WARN] [net.minecraft.client.ClientRecipeBook/]: Unknown recipe category: rtw:sawmill/minecraft:dark_oak_fence_from_dark_oak_planks_sawmilling
[30дек.2024 15:56:22.356] [Render thread/WARN] [net.minecraft.client.ClientRecipeBook/]: Unknown recipe category: rtw:sawmill/minecraft:dark_oak_planks_from_dark_oak_wood_sawmilling
[30дек.2024 15:56:22.356] [Render thread/WARN] [net.minecraft.client.ClientRecipeBook/]: Unknown recipe category: rtw:sawmill/minecraft:jungle_boat_from_jungle_wood_sawmilling
[30дек.2024 15:56:22.356] [Render thread/WARN] [net.minecraft.client.ClientRecipeBook/]: Unknown recipe category: rtw:sawmill/minecraft:dark_oak_planks_from_dark_oak_log_sawmilling
[30дек.2024 15:56:22.357] [Render thread/WARN] [net.minecraft.client.ClientRecipeBook/]: Unknown recipe category: rtw:sawmill/minecraft:stripped_spruce_log_from_spruce_log_sawmilling
[30дек.2024 15:56:22.357] [Render thread/WARN] [net.minecraft.client.ClientRecipeBook/]: Unknown recipe category: rtw:sawmill/minecraft:carved_spruce_planks_from_spruce_log_sawmilling
[30дек.2024 15:56:22.357] [Render thread/WARN] [net.minecraft.client.ClientRecipeBook/]: Unknown recipe category: rtw:sawmill/minecraft:bamboo_fence_from_bamboo_planks_sawmilling
[30дек.2024 15:56:22.357] [Render thread/WARN] [net.minecraft.client.ClientRecipeBook/]: Unknown recipe category: rtw:sawmill/minecraft:carved_birch_planks_from_birch_planks_sawmilling
[30дек.2024 15:56:22.357] [Render thread/WARN] [net.minecraft.client.ClientRecipeBook/]: Unknown recipe category: rtw:sawmill/minecraft:spruce_fence_gate_from_spruce_planks_sawmilling
[30дек.2024 15:56:22.357] [Render thread/WARN] [net.minecraft.client.ClientRecipeBook/]: Unknown recipe category: rtw:sawmill/minecraft:mangrove_fence_gate_from_mangrove_planks_sawmilling
[30дек.2024 15:56:22.357] [Render thread/WARN] [net.minecraft.client.ClientRecipeBook/]: Unknown recipe category: rtw:sawmill/minecraft:oak_boat_from_stripped_oak_wood_sawmilling
[30дек.2024 15:56:22.357] [Render thread/WARN] [net.minecraft.client.ClientRecipeBook/]: Unknown recipe category: rtw:sawmill/minecraft:acacia_fence_from_acacia_planks_sawmilling
[30дек.2024 15:56:22.357] [Render thread/WARN] [net.minecraft.client.ClientRecipeBook/]: Unknown recipe category: rtw:sawmill/minecraft:spruce_boat_from_spruce_wood_sawmilling
[30дек.2024 15:56:22.357] [Render thread/WARN] [net.minecraft.client.ClientRecipeBook/]: Unknown recipe category: rtw:sawmill/minecraft:mangrove_parquet_from_mangrove_log_sawmilling
[30дек.2024 15:56:22.357] [Render thread/WARN] [net.minecraft.client.ClientRecipeBook/]: Unknown recipe category: rtw:sawmill/minecraft:mangrove_boat_from_stripped_mangrove_wood_sawmilling
[30дек.2024 15:56:22.357] [Render thread/WARN] [net.minecraft.client.ClientRecipeBook/]: Unknown recipe category: rtw:sawmill/minecraft:dark_oak_parquet_from_dark_oak_log_sawmilling
[30дек.2024 15:56:22.357] [Render thread/WARN] [net.minecraft.client.ClientRecipeBook/]: Unknown recipe category: rtw:sawmill/minecraft:oak_boat_from_oak_wood_sawmilling
[30дек.2024 15:56:22.357] [Render thread/WARN] [net.minecraft.client.ClientRecipeBook/]: Unknown recipe category: rtw:sawmill/minecraft:cherry_planks_from_cherry_log_sawmilling
[30дек.2024 15:56:22.358] [Render thread/WARN] [net.minecraft.client.ClientRecipeBook/]: Unknown recipe category: rtw:sawmill/minecraft:acacia_parquet_from_acacia_log_sawmilling
[30дек.2024 15:56:22.358] [Render thread/WARN] [net.minecraft.client.ClientRecipeBook/]: Unknown recipe category: rtw:sawmill/minecraft:birch_boat_from_birch_log_sawmilling
[30дек.2024 15:56:22.358] [Render thread/WARN] [net.minecraft.client.ClientRecipeBook/]: Unknown recipe category: rtw:sawmill/minecraft:spruce_fence_from_spruce_planks_sawmilling
[30дек.2024 15:56:22.358] [Render thread/WARN] [net.minecraft.client.ClientRecipeBook/]: Unknown recipe category: rtw:sawmill/minecraft:mangrove_boat_from_mangrove_wood_sawmilling
[30дек.2024 15:56:22.358] [Render thread/WARN] [net.minecraft.client.ClientRecipeBook/]: Unknown recipe category: rtw:sawmill/minecraft:oak_boat_from_stripped_oak_log_sawmilling
[30дек.2024 15:56:22.358] [Render thread/WARN] [net.minecraft.client.ClientRecipeBook/]: Unknown recipe category: rtw:sawmill/minecraft:mangrove_boat_from_stripped_mangrove_log_sawmilling
[30дек.2024 15:56:22.358] [Render thread/WARN] [net.minecraft.client.ClientRecipeBook/]: Unknown recipe category: rtw:sawmill/minecraft:birch_planks_from_birch_wood_sawmilling
[30дек.2024 15:56:22.358] [Render thread/WARN] [net.minecraft.client.ClientRecipeBook/]: Unknown recipe category: rtw:sawmill/minecraft:carved_spruce_planks_from_spruce_planks_sawmilling
[30дек.2024 15:56:22.358] [Render thread/WARN] [net.minecraft.client.ClientRecipeBook/]: Unknown recipe category: rtw:sawmill/minecraft:cherry_planks_from_stripped_cherry_log_sawmilling
[30дек.2024 15:56:22.358] [Render thread/WARN] [net.minecraft.client.ClientRecipeBook/]: Unknown recipe category: rtw:sawmill/minecraft:jungle_boat_from_jungle_log_sawmilling
[30дек.2024 15:56:22.358] [Render thread/WARN] [net.minecraft.client.ClientRecipeBook/]: Unknown recipe category: rtw:sawmill/minecraft:jungle_boat_from_stripped_jungle_wood_sawmilling
[30дек.2024 15:56:22.358] [Render thread/WARN] [net.minecraft.client.ClientRecipeBook/]: Unknown recipe category: rtw:sawmill/minecraft:birch_stairs_from_birch_planks_sawmilling
[30дек.2024 15:56:22.358] [Render thread/WARN] [net.minecraft.client.ClientRecipeBook/]: Unknown recipe category: rtw:sawmill/minecraft:dark_oak_planks_from_stripped_dark_oak_log_sawmilling
[30дек.2024 15:56:22.359] [Render thread/WARN] [net.minecraft.client.ClientRecipeBook/]: Unknown recipe category: rtw:sawmill/minecraft:carved_oak_planks_from_oak_planks_sawmilling
[30дек.2024 15:56:22.359] [Render thread/WARN] [net.minecraft.client.ClientRecipeBook/]: Unknown recipe category: rtw:sawmill/minecraft:dark_oak_boat_from_dark_oak_log_sawmilling
[30дек.2024 15:56:22.359] [Render thread/WARN] [net.minecraft.client.ClientRecipeBook/]: Unknown recipe category: rtw:sawmill/minecraft:jungle_boat_from_stripped_jungle_log_sawmilling
[30дек.2024 15:56:22.359] [Render thread/WARN] [net.minecraft.client.ClientRecipeBook/]: Unknown recipe category: rtw:sawmill/minecraft:acacia_boat_from_acacia_wood_sawmilling
[30дек.2024 15:56:22.359] [Render thread/WARN] [net.minecraft.client.ClientRecipeBook/]: Unknown recipe category: rtw:sawmill/minecraft:stripped_bamboo_block_from_bamboo_block_sawmilling
[30дек.2024 15:56:22.359] [Render thread/WARN] [net.minecraft.client.ClientRecipeBook/]: Unknown recipe category: rtw:sawmill/minecraft:spruce_stairs_from_spruce_planks_sawmilling
[30дек.2024 15:56:22.359] [Render thread/WARN] [net.minecraft.client.ClientRecipeBook/]: Unknown recipe category: rtw:sawmill/minecraft:jungle_planks_from_stripped_jungle_wood_sawmilling
[30дек.2024 15:56:22.359] [Render thread/WARN] [net.minecraft.client.ClientRecipeBook/]: Unknown recipe category: rtw:sawmill/minecraft:carved_crimson_planks_from_crimson_stem_sawmilling
[30дек.2024 15:56:22.359] [Render thread/WARN] [net.minecraft.client.ClientRecipeBook/]: Unknown recipe category: rtw:sawmill/minecraft:acacia_planks_from_stripped_acacia_wood_sawmilling
[30дек.2024 15:56:22.359] [Render thread/WARN] [net.minecraft.client.ClientRecipeBook/]: Unknown recipe category: rtw:sawmill/minecraft:stripped_mangrove_log_from_mangrove_log_sawmilling
[30дек.2024 15:56:22.359] [Render thread/WARN] [net.minecraft.client.ClientRecipeBook/]: Unknown recipe category: rtw:sawmill/minecraft:stripped_spruce_wood_from_spruce_wood_sawmilling
[30дек.2024 15:56:22.359] [Render thread/WARN] [net.minecraft.client.ClientRecipeBook/]: Unknown recipe category: rtw:sawmill/minecraft:spruce_boat_from_spruce_log_sawmilling
[30дек.2024 15:56:22.359] [Render thread/WARN] [net.minecraft.client.ClientRecipeBook/]: Unknown recipe category: rtw:sawmill/minecraft:stripped_mangrove_wood_from_mangrove_wood_sawmilling
[30дек.2024 15:56:22.359] [Render thread/WARN] [net.minecraft.client.ClientRecipeBook/]: Unknown recipe category: rtw:sawmill/minecraft:dark_oak_stairs_from_dark_oak_planks_sawmilling
[30дек.2024 15:56:22.359] [Render thread/WARN] [net.minecraft.client.ClientRecipeBook/]: Unknown recipe category: rtw:sawmill/minecraft:jungle_parquet_from_jungle_log_sawmilling
[30дек.2024 15:56:22.359] [Render thread/WARN] [net.minecraft.client.ClientRecipeBook/]: Unknown recipe category: rtw:sawmill/minecraft:stripped_birch_wood_from_birch_wood_sawmilling
[30дек.2024 15:56:22.359] [Render thread/WARN] [net.minecraft.client.ClientRecipeBook/]: Unknown recipe category: rtw:sawmill/minecraft:mangrove_planks_from_stripped_mangrove_wood_sawmilling
[30дек.2024 15:56:22.359] [Render thread/WARN] [net.minecraft.client.ClientRecipeBook/]: Unknown recipe category: rtw:sawmill/minecraft:carved_acacia_planks_from_acacia_planks_sawmilling
[30дек.2024 15:56:22.359] [Render thread/WARN] [net.minecraft.client.ClientRecipeBook/]: Unknown recipe category: rtw:sawmill/minecraft:bamboo_raft_from_stripped_bamboo_block_sawmilling
[30дек.2024 15:56:22.359] [Render thread/WARN] [net.minecraft.client.ClientRecipeBook/]: Unknown recipe category: rtw:sawmill/minecraft:dark_oak_parquet_from_dark_oak_planks_sawmilling
[30дек.2024 15:56:22.359] [Render thread/WARN] [net.minecraft.client.ClientRecipeBook/]: Unknown recipe category: rtw:sawmill/minecraft:dark_oak_planks_from_stripped_dark_oak_wood_sawmilling
[30дек.2024 15:56:22.359] [Render thread/WARN] [net.minecraft.client.ClientRecipeBook/]: Unknown recipe category: rtw:sawmill/minecraft:carved_jungle_planks_from_jungle_log_sawmilling
[30дек.2024 15:56:22.360] [Render thread/WARN] [net.minecraft.client.ClientRecipeBook/]: Unknown recipe category: rtw:sawmill/minecraft:crimson_parquet_from_crimson_planks_sawmilling
[30дек.2024 15:56:22.360] [Render thread/WARN] [net.minecraft.client.ClientRecipeBook/]: Unknown recipe category: rtw:sawmill/minecraft:stripped_dark_oak_log_from_dark_oak_log_sawmilling
[30дек.2024 15:56:22.360] [Render thread/WARN] [net.minecraft.client.ClientRecipeBook/]: Unknown recipe category: rtw:sawmill/minecraft:carved_warped_planks_from_warped_planks_sawmilling
[30дек.2024 15:56:22.360] [Render thread/WARN] [net.minecraft.client.ClientRecipeBook/]: Unknown recipe category: rtw:sawmill/minecraft:oak_stairs_from_oak_planks_sawmilling
[30дек.2024 15:56:22.360] [Render thread/WARN] [net.minecraft.client.ClientRecipeBook/]: Unknown recipe category: rtw:sawmill/minecraft:jungle_planks_from_stripped_jungle_log_sawmilling
[30дек.2024 15:56:22.360] [Render thread/WARN] [net.minecraft.client.ClientRecipeBook/]: Unknown recipe category: rtw:sawmill/minecraft:birch_boat_from_stripped_birch_wood_sawmilling
[30дек.2024 15:56:22.360] [Render thread/WARN] [net.minecraft.client.ClientRecipeBook/]: Unknown recipe category: rtw:sawmill/minecraft:spruce_planks_from_stripped_spruce_log_sawmilling
[30дек.2024 15:56:22.360] [Render thread/WARN] [net.minecraft.client.ClientRecipeBook/]: Unknown recipe category: rtw:sawmill/minecraft:stripped_birch_log_from_birch_log_sawmilling
[30дек.2024 15:56:22.360] [Render thread/WARN] [net.minecraft.client.ClientRecipeBook/]: Unknown recipe category: rtw:sawmill/minecraft:warped_parquet_from_warped_planks_sawmilling
[30дек.2024 15:56:22.360] [Render thread/WARN] [net.minecraft.client.ClientRecipeBook/]: Unknown recipe category: rtw:sawmill/minecraft:dark_oak_boat_from_stripped_dark_oak_log_sawmilling
[30дек.2024 15:56:22.360] [Render thread/WARN] [net.minecraft.client.ClientRecipeBook/]: Unknown recipe category: rtw:sawmill/minecraft:birch_boat_from_stripped_birch_log_sawmilling
[30дек.2024 15:56:22.361] [Render thread/WARN] [net.minecraft.client.ClientRecipeBook/]: Unknown recipe category: rtw:sawmill/minecraft:bamboo_fence_gate_from_bamboo_planks_sawmilling
[30дек.2024 15:56:22.361] [Render thread/WARN] [net.minecraft.client.ClientRecipeBook/]: Unknown recipe category: rtw:sawmill/minecraft:jungle_fence_from_jungle_planks_sawmilling
[30дек.2024 15:56:22.361] [Render thread/WARN] [net.minecraft.client.ClientRecipeBook/]: Unknown recipe category: rtw:sawmill/minecraft:cherry_planks_from_stripped_cherry_wood_sawmilling
[30дек.2024 15:56:22.361] [Render thread/WARN] [net.minecraft.client.ClientRecipeBook/]: Unknown recipe category: rtw:sawmill/minecraft:cherry_fence_from_cherry_planks_sawmilling
[30дек.2024 15:56:22.361] [Render thread/WARN] [net.minecraft.client.ClientRecipeBook/]: Unknown recipe category: rtw:sawmill/minecraft:spruce_slab_from_spruce_planks_sawmilling
[30дек.2024 15:56:22.361] [Render thread/WARN] [net.minecraft.client.ClientRecipeBook/]: Unknown recipe category: rtw:sawmill/minecraft:oak_slab_from_oak_planks_sawmilling
[30дек.2024 15:56:22.361] [Render thread/WARN] [net.minecraft.client.ClientRecipeBook/]: Unknown recipe category: rtw:sawmill/minecraft:oak_fence_from_oak_planks_sawmilling
[30дек.2024 15:56:22.361] [Render thread/WARN] [net.minecraft.client.ClientRecipeBook/]: Unknown recipe category: rtw:sawmill/minecraft:carved_dark_oak_planks_from_dark_oak_log_sawmilling
[30дек.2024 15:56:22.361] [Render thread/WARN] [net.minecraft.client.ClientRecipeBook/]: Unknown recipe category: rtw:sawmill/minecraft:acacia_planks_from_acacia_wood_sawmilling
[30дек.2024 15:56:22.361] [Render thread/WARN] [net.minecraft.client.ClientRecipeBook/]: Unknown recipe category: rtw:sawmill/minecraft:bamboo_planks_from_bamboo_block_sawmilling
[30дек.2024 15:56:22.361] [Render thread/WARN] [net.minecraft.client.ClientRecipeBook/]: Unknown recipe category: rtw:sawmill/minecraft:spruce_boat_from_stripped_spruce_wood_sawmilling
[30дек.2024 15:56:22.361] [Render thread/WARN] [net.minecraft.client.ClientRecipeBook/]: Unknown recipe category: rtw:sawmill/minecraft:cherry_boat_from_cherry_log_sawmilling
[30дек.2024 15:56:22.362] [Render thread/WARN] [net.minecraft.client.ClientRecipeBook/]: Unknown recipe category: rtw:sawmill/minecraft:carved_cherry_planks_from_cherry_planks_sawmilling
[30дек.2024 15:56:22.362] [Render thread/WARN] [net.minecraft.client.ClientRecipeBook/]: Unknown recipe category: rtw:sawmill/minecraft:spruce_planks_from_stripped_spruce_wood_sawmilling
[30дек.2024 15:56:22.362] [Render thread/WARN] [net.minecraft.client.ClientRecipeBook/]: Unknown recipe category: rtw:sawmill/minecraft:bamboo_stairs_from_bamboo_planks_sawmilling
[30дек.2024 15:56:22.362] [Render thread/WARN] [net.minecraft.client.ClientRecipeBook/]: Unknown recipe category: rtw:sawmill/minecraft:spruce_planks_from_spruce_log_sawmilling
[30дек.2024 15:56:22.362] [Render thread/WARN] [net.minecraft.client.ClientRecipeBook/]: Unknown recipe category: rtw:sawmill/minecraft:birch_fence_from_birch_planks_sawmilling
[30дек.2024 15:56:22.362] [Render thread/WARN] [net.minecraft.client.ClientRecipeBook/]: Unknown recipe category: rtw:sawmill/minecraft:mangrove_slab_from_mangrove_planks_sawmilling
[30дек.2024 15:56:22.362] [Render thread/WARN] [net.minecraft.client.ClientRecipeBook/]: Unknown recipe category: rtw:sawmill/minecraft:mangrove_planks_from_mangrove_wood_sawmilling
[30дек.2024 15:56:22.362] [Render thread/WARN] [net.minecraft.client.ClientRecipeBook/]: Unknown recipe category: rtw:sawmill/minecraft:bamboo_planks_from_stripped_bamboo_block_sawmilling
[30дек.2024 15:56:22.362] [Render thread/WARN] [net.minecraft.client.ClientRecipeBook/]: Unknown recipe category: rtw:sawmill/minecraft:mangrove_planks_from_stripped_mangrove_log_sawmilling
[30дек.2024 15:56:22.362] [Render thread/WARN] [net.minecraft.client.ClientRecipeBook/]: Unknown recipe category: rtw:sawmill/minecraft:carved_oak_planks_from_oak_log_sawmilling
[30дек.2024 15:56:22.362] [Render thread/WARN] [net.minecraft.client.ClientRecipeBook/]: Unknown recipe category: rtw:sawmill/minecraft:acacia_fence_gate_from_acacia_planks_sawmilling
[30дек.2024 15:56:22.362] [Render thread/WARN] [net.minecraft.client.ClientRecipeBook/]: Unknown recipe category: rtw:sawmill/minecraft:birch_boat_from_birch_wood_sawmilling
[30дек.2024 15:56:22.362] [Render thread/WARN] [net.minecraft.client.ClientRecipeBook/]: Unknown recipe category: rtw:sawmill/minecraft:acacia_parquet_from_acacia_planks_sawmilling
[30дек.2024 15:56:22.362] [Render thread/WARN] [net.minecraft.client.ClientRecipeBook/]: Unknown recipe category: rtw:sawmill/minecraft:carved_cherry_planks_from_cherry_log_sawmilling
[30дек.2024 15:56:22.363] [Render thread/WARN] [net.minecraft.client.ClientRecipeBook/]: Unknown recipe category: rtw:sawmill/minecraft:acacia_boat_from_stripped_acacia_log_sawmilling
[30дек.2024 15:56:22.363] [Render thread/WARN] [net.minecraft.client.ClientRecipeBook/]: Unknown recipe category: rtw:sawmill/minecraft:spruce_planks_from_spruce_wood_sawmilling
[30дек.2024 15:56:22.363] [Render thread/WARN] [net.minecraft.client.ClientRecipeBook/]: Unknown recipe category: rtw:sawmill/minecraft:jungle_parquet_from_jungle_planks_sawmilling
[30дек.2024 15:56:22.363] [Render thread/WARN] [net.minecraft.client.ClientRecipeBook/]: Unknown recipe category: rtw:sawmill/minecraft:oak_fence_gate_from_oak_planks_sawmilling
[30дек.2024 15:56:22.363] [Render thread/WARN] [net.minecraft.client.ClientRecipeBook/]: Unknown recipe category: rtw:sawmill/minecraft:warped_parquet_from_warped_stem_sawmilling
[30дек.2024 15:56:22.363] [Render thread/WARN] [net.minecraft.client.ClientRecipeBook/]: Unknown recipe category: rtw:sawmill/minecraft:carved_warped_planks_from_warped_stem_sawmilling
[30дек.2024 15:56:22.363] [Render thread/WARN] [net.minecraft.client.ClientRecipeBook/]: Unknown recipe category: rtw:sawmill/minecraft:acacia_planks_from_acacia_log_sawmilling
[30дек.2024 15:56:22.363] [Render thread/WARN] [net.minecraft.client.ClientRecipeBook/]: Unknown recipe category: rtw:sawmill/minecraft:oak_planks_from_oak_wood_sawmilling
[30дек.2024 15:56:22.363] [Render thread/WARN] [net.minecraft.client.ClientRecipeBook/]: Unknown recipe category: rtw:sawmill/minecraft:dark_oak_boat_from_dark_oak_wood_sawmilling
[30дек.2024 15:56:22.363] [Render thread/WARN] [net.minecraft.client.ClientRecipeBook/]: Unknown recipe category: rtw:sawmill/minecraft:spruce_parquet_from_spruce_log_sawmilling
[30дек.2024 15:56:22.363] [Render thread/WARN] [net.minecraft.client.ClientRecipeBook/]: Unknown recipe category: rtw:sawmill/minecraft:acacia_stairs_from_acacia_planks_sawmilling
[30дек.2024 15:56:22.363] [Render thread/WARN] [net.minecraft.client.ClientRecipeBook/]: Unknown recipe category: rtw:sawmill/minecraft:jungle_stairs_from_jungle_planks_sawmilling
[30дек.2024 15:56:22.363] [Render thread/WARN] [net.minecraft.client.ClientRecipeBook/]: Unknown recipe category: rtw:sawmill/minecraft:cherry_boat_from_cherry_wood_sawmilling
[30дек.2024 15:56:22.363] [Render thread/WARN] [net.minecraft.client.ClientRecipeBook/]: Unknown recipe category: rtw:sawmill/minecraft:mangrove_stairs_from_mangrove_planks_sawmilling
[30дек.2024 15:56:22.367] [Render thread/INFO] [mezz.jei.neoforge.startup.StartEventObserver/]: JEI StartEventObserver received class net.neoforged.neoforge.client.event.RecipesUpdatedEvent
[30дек.2024 15:56:22.367] [Render thread/INFO] [mezz.jei.neoforge.startup.StartEventObserver/]: JEI StartEventObserver transitioning state from LISTENING to JEI_STARTED
[30дек.2024 15:56:22.369] [Render thread/INFO] [mezz.jei.core.util.LoggedTimer/]: Starting JEI...
[30дек.2024 15:56:22.373] [Render thread/INFO] [mezz.jei.library.load.PluginCaller/]: Registering item subtypes...
[30дек.2024 15:56:22.375] [Render thread/INFO] [mezz.jei.library.load.PluginCaller/]: Registering item subtypes took 1.628 ms
[30дек.2024 15:56:22.375] [Render thread/INFO] [mezz.jei.library.load.PluginCaller/]: Registering fluid subtypes...
[30дек.2024 15:56:22.376] [Render thread/INFO] [mezz.jei.library.load.PluginCaller/]: Registering fluid subtypes took 859.1 ?s
[30дек.2024 15:56:22.377] [Render thread/INFO] [mezz.jei.library.load.PluginCaller/]: Registering ingredients...
[30дек.2024 15:56:22.451] [Render thread/WARN] [mezz.jei.library.plugins.vanilla.ingredients.ItemStackListFactory/]: Item Group has no display items and no search tab display items. Items from this group will be missing from the JEI ingredient list. Operator Utilities
[30дек.2024 15:56:22.468] [Render thread/INFO] [mezz.jei.library.load.PluginCallerTimerRunnable/]: Registering ingredients: jei:minecraft took 90.78 milliseconds
[30дек.2024 15:56:22.469] [Render thread/INFO] [mezz.jei.library.load.PluginCaller/]: Registering ingredients took 91.64 ms
[30дек.2024 15:56:22.472] [Render thread/INFO] [mezz.jei.library.load.PluginCaller/]: Registering Mod Info...
[30дек.2024 15:56:22.473] [Render thread/INFO] [mezz.jei.library.load.PluginCaller/]: Registering Mod Info took 644.8 ?s
[30дек.2024 15:56:22.484] [Render thread/INFO] [mezz.jei.library.load.PluginCaller/]: Registering categories...
[30дек.2024 15:56:22.495] [Render thread/INFO] [mezz.jei.library.load.PluginCaller/]: Registering categories took 11.80 ms
[30дек.2024 15:56:22.495] [Render thread/INFO] [mezz.jei.library.load.PluginCaller/]: Registering vanilla category extensions...
[30дек.2024 15:56:22.497] [Render thread/INFO] [mezz.jei.library.load.PluginCaller/]: Registering vanilla category extensions took 1.411 ms
[30дек.2024 15:56:22.498] [Render thread/INFO] [mezz.jei.library.load.PluginCaller/]: Registering recipe catalysts...
[30дек.2024 15:56:22.499] [Render thread/INFO] [mezz.jei.library.load.PluginCaller/]: Registering recipe catalysts took 865.4 ?s
[30дек.2024 15:56:22.500] [Render thread/INFO] [mezz.jei.library.load.PluginCaller/]: Registering advanced plugins...
[30дек.2024 15:56:22.501] [Render thread/INFO] [mezz.jei.library.load.PluginCaller/]: Registering advanced plugins took 428.9 ?s
[30дек.2024 15:56:22.501] [Render thread/INFO] [mezz.jei.core.util.LoggedTimer/]: Building recipe registry...
[30дек.2024 15:56:22.507] [Render thread/INFO] [mezz.jei.core.util.LoggedTimer/]: Building recipe registry took 5.629 ms
[30дек.2024 15:56:22.509] [Render thread/INFO] [mezz.jei.library.load.PluginCaller/]: Registering recipes...
[30дек.2024 15:56:22.625] [Render thread/INFO] [mezz.jei.library.load.PluginCallerTimerRunnable/]: Registering recipes: jei:minecraft took 116.1 milliseconds
[30дек.2024 15:56:22.626] [Render thread/INFO] [mezz.jei.library.load.PluginCaller/]: Registering recipes took 117.6 ms
[30дек.2024 15:56:22.644] [Render thread/INFO] [mezz.jei.library.load.PluginCaller/]: Registering recipes transfer handlers...
[30дек.2024 15:56:22.647] [Render thread/INFO] [mezz.jei.library.load.PluginCaller/]: Registering recipes transfer handlers took 2.270 ms
[30дек.2024 15:56:22.651] [Render thread/INFO] [mezz.jei.core.util.LoggedTimer/]: Building runtime...
[30дек.2024 15:56:22.653] [Render thread/INFO] [mezz.jei.library.load.PluginCaller/]: Registering gui handlers...
[30дек.2024 15:56:22.660] [Render thread/INFO] [mezz.jei.library.load.PluginCaller/]: Registering gui handlers took 6.286 ms
[30дек.2024 15:56:22.663] [Render thread/INFO] [mezz.jei.library.load.PluginCaller/]: Registering Runtime...
[30дек.2024 15:56:22.664] [Render thread/INFO] [mezz.jei.gui.startup.JeiGuiStarter/]: Starting JEI GUI
[30дек.2024 15:56:22.665] [Render thread/INFO] [mezz.jei.core.util.LoggedTimer/]: Building ingredient list...
[30дек.2024 15:56:22.668] [Render thread/INFO] [mezz.jei.core.util.LoggedTimer/]: Building ingredient list took 3.177 ms
[30дек.2024 15:56:22.668] [Render thread/INFO] [mezz.jei.core.util.LoggedTimer/]: Building ingredient filter...
[30дек.2024 15:56:22.689] [Render thread/INFO] [mezz.jei.gui.ingredients.IngredientFilter/]: Adding 1717 ingredients
[30дек.2024 15:56:22.843] [Render thread/INFO] [mezz.jei.gui.ingredients.IngredientFilter/]: Added 1717/1717 ingredients
[30дек.2024 15:56:22.844] [Render thread/INFO] [mezz.jei.core.util.LoggedTimer/]: Building ingredient filter took 175.4 ms
[30дек.2024 15:56:22.900] [Render thread/INFO] [mezz.jei.library.load.PluginCallerTimerRunnable/]: Registering Runtime: jei:neoforge_gui took 236.5 milliseconds
[30дек.2024 15:56:22.900] [Render thread/INFO] [mezz.jei.library.load.PluginCaller/]: Registering Runtime took 237.2 ms
[30дек.2024 15:56:22.900] [Render thread/INFO] [mezz.jei.core.util.LoggedTimer/]: Building runtime took 250.3 ms
[30дек.2024 15:56:22.901] [Render thread/INFO] [mezz.jei.library.load.PluginCaller/]: Sending Runtime...
[30дек.2024 15:56:22.901] [Render thread/INFO] [mezz.jei.library.load.PluginCaller/]: Sending Runtime took 399.4 ?s
[30дек.2024 15:56:22.901] [Render thread/INFO] [mezz.jei.core.util.LoggedTimer/]: Starting JEI took 533.2 ms
[30дек.2024 15:56:22.912] [Render thread/INFO] [net.minecraft.advancements.AdvancementTree/]: Loaded 192 advancements
[30дек.2024 15:56:44.473] [Server thread/INFO] [net.minecraft.client.server.IntegratedServer/]: Saving and pausing game...
[30дек.2024 15:56:44.493] [Server thread/INFO] [net.minecraft.server.MinecraftServer/]: Saving chunks for level 'ServerLevel[New World]'/minecraft:overworld
[30дек.2024 15:56:44.534] [Server thread/INFO] [net.minecraft.server.MinecraftServer/]: Saving chunks for level 'ServerLevel[New World]'/minecraft:the_end
[30дек.2024 15:56:44.551] [Server thread/INFO] [net.minecraft.server.MinecraftServer/]: Saving chunks for level 'ServerLevel[New World]'/minecraft:the_nether
[30дек.2024 15:57:51.692] [Render thread/INFO] [net.minecraft.client.gui.components.ChatComponent/]: [System] [CHAT] [Debug]: Advanced tooltips: hidden
[30дек.2024 15:57:53.509] [Render thread/INFO] [net.minecraft.client.gui.components.ChatComponent/]: [System] [CHAT] [Debug]: Advanced tooltips: shown
[30дек.2024 15:58:35.172] [Server thread/INFO] [net.minecraft.client.server.IntegratedServer/]: Saving and pausing game...
[30дек.2024 15:58:35.187] [Server thread/INFO] [net.minecraft.server.MinecraftServer/]: Saving chunks for level 'ServerLevel[New World]'/minecraft:overworld
[30дек.2024 15:58:35.226] [Server thread/INFO] [net.minecraft.server.MinecraftServer/]: Saving chunks for level 'ServerLevel[New World]'/minecraft:the_end
[30дек.2024 15:58:35.243] [Server thread/INFO] [net.minecraft.server.MinecraftServer/]: Saving chunks for level 'ServerLevel[New World]'/minecraft:the_nether
[30дек.2024 16:03:59.322] [Server thread/INFO] [net.minecraft.client.server.IntegratedServer/]: Saving and pausing game...
[30дек.2024 16:03:59.335] [Server thread/INFO] [net.minecraft.server.MinecraftServer/]: Saving chunks for level 'ServerLevel[New World]'/minecraft:overworld
[30дек.2024 16:03:59.345] [Server thread/INFO] [net.minecraft.server.MinecraftServer/]: Saving chunks for level 'ServerLevel[New World]'/minecraft:the_end
[30дек.2024 16:03:59.352] [Server thread/INFO] [net.minecraft.server.MinecraftServer/]: Saving chunks for level 'ServerLevel[New World]'/minecraft:the_nether
[30дек.2024 16:04:01.193] [Render thread/INFO] [net.minecraft.client.gui.components.ChatComponent/]: [System] [CHAT] Install the "Configured" mod to access the in-game config\nClick here to open the JEI config folder
[30дек.2024 16:05:00.006] [Render thread/INFO] [net.minecraft.client.gui.components.ChatComponent/]: [System] [CHAT] Dev has no tags
[30дек.2024 16:05:05.440] [Render thread/INFO] [net.minecraft.client.gui.components.ChatComponent/]: [System] [CHAT] Dev has no tags
[30дек.2024 16:05:07.714] [Render thread/INFO] [net.minecraft.client.gui.components.ChatComponent/]: [System] [CHAT] Dev has no tags
[30дек.2024 18:43:46.429] [Render thread/INFO] [net.minecraft.client.gui.components.ChatComponent/]: [System] [CHAT] minecraft:block\n[Tags: 293] <page 1 / 37>\n - c:barrels\n - c:barrels/wooden\n - c:bookshelves\n - c:budding_blocks\n - c:buds\n - c:chains\n - c:chests\n - c:chests/ender
[30дек.2024 18:43:58.780] [Render thread/INFO] [net.minecraft.client.gui.components.ChatComponent/]: [System] [CHAT] minecraft:block : minecraft:oak_planks\n[Containing tags: 2] <page 1 / 1>\n - minecraft:mineable/axe\n - minecraft:planks
[30дек.2024 18:45:25.419] [Render thread/INFO] [net.minecraft.client.gui.components.ChatComponent/]: [System] [CHAT] minecraft:block : rtw:birch_parquet\n[Containing tags: 2] <page 1 / 1>\n - minecraft:mineable/axe\n - minecraft:planks
[30дек.2024 18:48:09.621] [Server thread/INFO] [net.minecraft.client.server.IntegratedServer/]: Saving and pausing game...
[30дек.2024 18:48:09.632] [Server thread/INFO] [net.minecraft.server.MinecraftServer/]: Saving chunks for level 'ServerLevel[New World]'/minecraft:overworld
[30дек.2024 18:48:09.642] [Server thread/INFO] [net.minecraft.server.MinecraftServer/]: Saving chunks for level 'ServerLevel[New World]'/minecraft:the_end
[30дек.2024 18:48:09.648] [Server thread/INFO] [net.minecraft.server.MinecraftServer/]: Saving chunks for level 'ServerLevel[New World]'/minecraft:the_nether
[30дек.2024 20:37:19.872] [Server thread/INFO] [net.minecraft.client.server.IntegratedServer/]: Saving and pausing game...
[30дек.2024 20:37:19.884] [Server thread/INFO] [net.minecraft.server.MinecraftServer/]: Saving chunks for level 'ServerLevel[New World]'/minecraft:overworld
[30дек.2024 20:37:19.895] [Server thread/INFO] [net.minecraft.server.MinecraftServer/]: Saving chunks for level 'ServerLevel[New World]'/minecraft:the_end
[30дек.2024 20:37:19.903] [Server thread/INFO] [net.minecraft.server.MinecraftServer/]: Saving chunks for level 'ServerLevel[New World]'/minecraft:the_nether
[30дек.2024 20:38:04.421] [Server thread/INFO] [net.minecraft.client.server.IntegratedServer/]: Saving and pausing game...
[30дек.2024 20:38:04.427] [Server thread/INFO] [net.minecraft.server.MinecraftServer/]: Saving chunks for level 'ServerLevel[New World]'/minecraft:overworld
[30дек.2024 20:38:04.433] [Server thread/INFO] [net.minecraft.server.MinecraftServer/]: Saving chunks for level 'ServerLevel[New World]'/minecraft:the_end
[30дек.2024 20:38:04.439] [Server thread/INFO] [net.minecraft.server.MinecraftServer/]: Saving chunks for level 'ServerLevel[New World]'/minecraft:the_nether
[30дек.2024 20:38:30.722] [Server thread/INFO] [net.minecraft.client.server.IntegratedServer/]: Saving and pausing game...
[30дек.2024 20:38:30.728] [Server thread/INFO] [net.minecraft.server.MinecraftServer/]: Saving chunks for level 'ServerLevel[New World]'/minecraft:overworld
[30дек.2024 20:38:30.738] [Server thread/INFO] [net.minecraft.server.MinecraftServer/]: Saving chunks for level 'ServerLevel[New World]'/minecraft:the_end
[30дек.2024 20:38:30.754] [Server thread/INFO] [net.minecraft.server.MinecraftServer/]: Saving chunks for level 'ServerLevel[New World]'/minecraft:the_nether
[30дек.2024 20:38:30.936] [Render thread/INFO] [mezz.jei.neoforge.startup.StartEventObserver/]: JEI StartEventObserver received class net.neoforged.neoforge.client.event.ClientPlayerNetworkEvent$LoggingOut
[30дек.2024 20:38:30.936] [Render thread/INFO] [mezz.jei.neoforge.startup.StartEventObserver/]: JEI StartEventObserver transitioning state from JEI_STARTED to LISTENING
[30дек.2024 20:38:30.936] [Render thread/INFO] [mezz.jei.library.startup.JeiStarter/]: Stopping JEI
[30дек.2024 20:38:30.936] [Render thread/INFO] [mezz.jei.library.load.PluginCaller/]: Sending Runtime Unavailable...
[30дек.2024 20:38:30.937] [Render thread/INFO] [mezz.jei.neoforge.plugins.neoforge.NeoForgeGuiPlugin/]: Stopping JEI GUI
[30дек.2024 20:38:30.939] [Render thread/INFO] [mezz.jei.library.load.PluginCaller/]: Sending Runtime Unavailable took 2.233 ms
[30дек.2024 20:38:30.977] [Server thread/INFO] [net.minecraft.server.network.ServerGamePacketListenerImpl/]: Dev lost connection: Disconnected
[30дек.2024 20:38:30.977] [Server thread/INFO] [net.minecraft.server.MinecraftServer/]: Dev left the game
[30дек.2024 20:38:30.985] [Server thread/INFO] [net.minecraft.server.network.ServerCommonPacketListenerImpl/]: Stopping singleplayer server as player logged out
[30дек.2024 20:38:31.027] [Server thread/INFO] [net.minecraft.server.MinecraftServer/]: Stopping server
[30дек.2024 20:38:31.027] [Server thread/INFO] [net.minecraft.server.MinecraftServer/]: Saving players
[30дек.2024 20:38:31.027] [Server thread/INFO] [net.minecraft.server.MinecraftServer/]: Saving worlds
[30дек.2024 20:38:31.519] [Server thread/INFO] [net.minecraft.server.MinecraftServer/]: Saving chunks for level 'ServerLevel[New World]'/minecraft:overworld
[30дек.2024 20:38:31.587] [Server thread/INFO] [net.minecraft.server.MinecraftServer/]: Saving chunks for level 'ServerLevel[New World]'/minecraft:the_end
[30дек.2024 20:38:31.591] [Server thread/INFO] [net.minecraft.server.MinecraftServer/]: Saving chunks for level 'ServerLevel[New World]'/minecraft:the_nether
[30дек.2024 20:38:31.597] [Server thread/INFO] [net.minecraft.server.MinecraftServer/]: ThreadedAnvilChunkStorage (New World): All chunks are saved
[30дек.2024 20:38:31.597] [Server thread/INFO] [net.minecraft.server.MinecraftServer/]: ThreadedAnvilChunkStorage (DIM1): All chunks are saved
[30дек.2024 20:38:31.597] [Server thread/INFO] [net.minecraft.server.MinecraftServer/]: ThreadedAnvilChunkStorage (DIM-1): All chunks are saved
[30дек.2024 20:38:31.597] [Server thread/INFO] [net.minecraft.server.MinecraftServer/]: ThreadedAnvilChunkStorage: All dimensions are saved
[30дек.2024 20:38:31.763] [Render thread/INFO] [net.minecraft.client.Minecraft/]: Stopping!
